../Core/Src/LCD_i2c.c:7:13:lcd_send_nibble	32	static
../Core/Src/LCD_i2c.c:24:13:lcd_send_byte	16	static
../Core/Src/LCD_i2c.c:30:6:HD44780_Init	24	static
../Core/Src/LCD_i2c.c:50:6:HD44780_Clear	8	static
../Core/Src/LCD_i2c.c:55:6:HD44780_SetCursor	24	static
../Core/Src/LCD_i2c.c:65:6:HD44780_PrintStr	24	static
../Core/Src/LCD_i2c.c:72:6:HD44780_Backlight	4	static
../Core/Src/LCD_i2c.c:77:6:HD44780_NoBacklight	4	static
../Core/Src/LCD_i2c.c:82:6:HD44780_Display	8	static
../Core/Src/LCD_i2c.c:86:6:HD44780_NoDisplay	8	static
