../Core/Src/stm32f4xx_it.c:51:6:NMI_Handler	4	static
../Core/Src/stm32f4xx_it.c:66:6:HardFault_Handler	4	static
../Core/Src/stm32f4xx_it.c:81:6:MemManage_Handler	4	static
../Core/Src/stm32f4xx_it.c:96:6:BusFault_Handler	4	static
../Core/Src/stm32f4xx_it.c:111:6:UsageFault_Handler	4	static
../Core/Src/stm32f4xx_it.c:126:6:SVC_Handler	4	static
../Core/Src/stm32f4xx_it.c:139:6:DebugMon_Handler	4	static
../Core/Src/stm32f4xx_it.c:152:6:PendSV_Handler	4	static
../Core/Src/stm32f4xx_it.c:165:6:SysTick_Handler	8	static
../Core/Src/stm32f4xx_it.c:186:6:EXTI15_10_IRQHandler	8	static
../Core/Src/stm32f4xx_it.c:200:6:TIM6_DAC_IRQHandler	8	static
../Core/Src/stm32f4xx_it.c:212:6:HAL_GPIO_EXTI_Callback	16	static
../Core/Src/stm32f4xx_it.c:217:6:HAL_TIM_PeriodElapsedCallback	16	static
